#{
#    "CreationDate": "2019-04-08",
#    "LanlGeoMagRevision": "122e2a8b179210d7d5d7e7d332bb03fa24bc9a10",
#    "SunVector": "LOW_ACCURACY",
#    "DateTime": {
#        "DIMENSION": [1], 
#        "START_COLUMN": 0
#    }, 
#    "Result": {
#        "DIMENSION": [3], 
#        "START_COLUMN": 7, 
#        "units": "km"
#    }, 
#    "SysIn": {
#        "DIMENSION": [1], 
#        "START_COLUMN": 2
#    }, 
#    "SysOut": {
#        "DIMENSION": [1], 
#        "START_COLUMN": 3
#    }, 
#    "TT2000": {
#        "DIMENSION": [1], 
#        "START_COLUMN": 1
#    }, 
#    "TestPosition": {
#        "DIMENSION": [3], 
#        "START_COLUMN": 4, 
#        "units": "km"
#    }
#}
#Conversion to TT2000 from CDF library
2009-01-01T00:00:00.000000 284040066184000000 SM GSM -4.000000 0.000000 0.000000 -3.608000 -0.000000 -1.726945
2009-01-01T00:00:00.000000 284040066184000000 GSM SM -3.608000 0.000000 -1.726945 -4.000000 -0.000000 0.000000
2009-01-01T00:00:00.000000 284040066184000000 WGS84 GSM 0.997564 0.000000 -0.069756 -0.890844 0.098901 -0.443414
2009-01-01T00:00:00.000000 284040066184000000 GSM WGS84 -4.000000 0.000000 1.000000 3.300157 -0.134247 2.467984
