11.532657801500662
12.824969717207024
117.957459036319008
29966.867395109486097
