5.029340343510258
0.911354795415328
302.289018570471740
29937.183805846714677
