4.515131604063740
0.691614984287501
401.967905765166449
29966.867395109486097
