4.000000000000042
0.000000000000092
468.232303048585436
29966.867395109486097
