7.967064449806909
10.931254836458759
628.079558197794540
29966.867395109486097
628.079558197794540
21.678758255389177
