7.000000000000013
0.000000000000030
87.366960335596147
29966.867395109486097
