57.762518534709294
139.866399201009841
132.908118809885536
29966.867395109486097
