3.176198721552034
1.325580483941653
1698.990212267689230
30006.443502889760566
