#{
#    "CreationDate": "2019-04-09",
#    "LanlGeoMagRevision": "122e2a8b179210d7d5d7e7d332bb03fa24bc9a10",
#    "SunVector": "LOW_ACCURACY",
#    "DateTime": {
#        "DIMENSION": [1], 
#        "START_COLUMN": 0
#    }, 
#    "ExtModel": {
#        "DIMENSION": [1], 
#        "START_COLUMN": 1
#    }, 
#    "IntModel": {
#        "DIMENSION": [1], 
#        "START_COLUMN": 2
#    }, 
#    "Kp": {
#        "DIMENSION": [1], 
#        "START_COLUMN": 3
#    }, 
#    "Result": {
#        "DIMENSION": [3], 
#        "START_COLUMN": 7, 
#        "units": "nT"
#    }, 
#    "TestPosition": {
#        "DIMENSION": [3], 
#        "START_COLUMN": 4, 
#        "units": "km"
#    }
#}
2005-08-31T09:00:00.000000 T89 IGRF 0.000000 -6.600000 0.000000 0.000000 -18.927103 -1.857488 80.052164
2005-08-31T09:00:00.000000 T89 IGRF 1.000000 -6.600000 0.000000 0.000000 -20.784160 -1.857488 74.281026
2005-08-31T09:00:00.000000 T89 IGRF 2.000000 -6.600000 0.000000 0.000000 -22.513859 -1.857488 70.183396
2005-08-31T09:00:00.000000 T89 IGRF 3.000000 -6.600000 0.000000 0.000000 -26.367951 -1.857488 64.303916
2009-01-01T00:00:00.000000 T89 IGRF 2.000000 3.000000 4.000000 3.000000 -123.994193 -73.755223 77.986257
2009-01-01T00:00:00.000000 T89 CDIP 2.000000 3.000000 4.000000 3.000000 -123.603627 -75.262655 77.740804
2009-01-01T00:00:00.000000 T89 EDIP 2.000000 3.000000 4.000000 3.000000 -122.127541 -75.432165 79.463172
2005-08-31T09:00:00.000000 OP77 IGRF 2.000000 -6.600000 0.000000 0.000000 -18.350502 -1.857488 85.610065
